../Core/Src/main.c:98:6:microDelay	16	static
../Core/Src/main.c:105:6:stop_motor	16	static
../Core/Src/main.c:124:5:calculateSteps	32	static
../Core/Src/main.c:131:6:HomeMotor	16	static
../Core/Src/main.c:187:6:MoveMotor	32	static
../Core/Src/main.c:374:6:linear_move	24	static
../Core/Src/main.c:396:6:reset_encoder_position	16	static
../Core/Src/main.c:413:6:HAL_GPIO_EXTI_Callback	16	static
../Core/Src/main.c:446:5:main	32	static
../Core/Src/main.c:535:6:SystemClock_Config	88	static
../Core/Src/main.c:582:13:MX_RTC_Init	8	static
../Core/Src/main.c:617:13:MX_TIM1_Init	56	static
../Core/Src/main.c:668:13:MX_TIM2_Init	32	static
../Core/Src/main.c:713:13:MX_TIM3_Init	56	static
../Core/Src/main.c:762:13:MX_TIM5_Init	56	static
../Core/Src/main.c:811:13:MX_GPIO_Init	48	static
../Core/Src/main.c:889:6:Error_Handler	4	static,ignoring_inline_asm
